// Jest Snapshot v1, https://goo.gl/fbAQLP

exports[`App Component renders component 1`] = `
<div
  className="App"
>
  Hi
</div>
`;
